
==========================================================================
cts final report_tns
--------------------------------------------------------------------------
tns -0.36

==========================================================================
cts final report_wns
--------------------------------------------------------------------------
wns -0.05

==========================================================================
cts final report_worst_slack
--------------------------------------------------------------------------
worst slack -0.05

==========================================================================
cts final report_clock_skew
--------------------------------------------------------------------------
Clock core_clock
   0.07 source latency dpath.a_reg.out[15]$_DFFE_PP_/CK ^
  -0.07 target latency dpath.b_reg.out[10]$_DFFE_PP_/CK ^
   0.00 CRPR
--------------
   0.00 setup skew


==========================================================================
cts final report_checks -path_delay min
--------------------------------------------------------------------------
Startpoint: req_val (input port clocked by core_clock)
Endpoint: ctrl.state.out[0]$_DFF_P_
          (rising edge-triggered flip-flop clocked by core_clock)
Path Group: core_clock
Path Type: min

Fanout     Cap    Slew   Delay    Time   Description
-----------------------------------------------------------------------------
                          0.00    0.00   clock core_clock (rise edge)
                          0.00    0.00   clock network delay (propagated)
                          0.09    0.09 ^ input external delay
     1    1.18    0.00    0.00    0.09 ^ req_val (in)
                                         req_val (net)
                  0.00    0.00    0.09 ^ input33/A (BUF_X1)
     2    3.58    0.01    0.02    0.12 ^ input33/Z (BUF_X1)
                                         net33 (net)
                  0.01    0.00    0.12 ^ _521_/B2 (OAI21_X1)
     1    1.23    0.01    0.02    0.13 v _521_/ZN (OAI21_X1)
                                         _000_ (net)
                  0.01    0.00    0.13 v ctrl.state.out[0]$_DFF_P_/D (DFF_X1)
                                  0.13   data arrival time

                          0.00    0.00   clock core_clock (rise edge)
                          0.00    0.00   clock source latency
     1    5.69    0.00    0.00    0.00 ^ clk (in)
                                         clk (net)
                  0.00    0.00    0.00 ^ clkbuf_0_clk/A (CLKBUF_X3)
     4    9.65    0.01    0.03    0.03 ^ clkbuf_0_clk/Z (CLKBUF_X3)
                                         clknet_0_clk (net)
                  0.01    0.00    0.03 ^ clkbuf_2_0__f_clk/A (CLKBUF_X3)
    10   14.45    0.01    0.04    0.07 ^ clkbuf_2_0__f_clk/Z (CLKBUF_X3)
                                         clknet_2_0__leaf_clk (net)
                  0.01    0.00    0.07 ^ ctrl.state.out[0]$_DFF_P_/CK (DFF_X1)
                          0.00    0.07   clock reconvergence pessimism
                          0.00    0.08   library hold time
                                  0.08   data required time
-----------------------------------------------------------------------------
                                  0.08   data required time
                                 -0.13   data arrival time
-----------------------------------------------------------------------------
                                  0.05   slack (MET)



==========================================================================
cts final report_checks -path_delay max
--------------------------------------------------------------------------
Startpoint: dpath.b_reg.out[12]$_DFFE_PP_
            (rising edge-triggered flip-flop clocked by core_clock)
Endpoint: resp_msg[15] (output port clocked by core_clock)
Path Group: core_clock
Path Type: max

Fanout     Cap    Slew   Delay    Time   Description
-----------------------------------------------------------------------------
                          0.00    0.00   clock core_clock (rise edge)
                          0.00    0.00   clock source latency
     1    5.69    0.00    0.00    0.00 ^ clk (in)
                                         clk (net)
                  0.00    0.00    0.00 ^ clkbuf_0_clk/A (CLKBUF_X3)
     4    9.65    0.01    0.03    0.03 ^ clkbuf_0_clk/Z (CLKBUF_X3)
                                         clknet_0_clk (net)
                  0.01    0.00    0.03 ^ clkbuf_2_1__f_clk/A (CLKBUF_X3)
    11   14.23    0.01    0.04    0.07 ^ clkbuf_2_1__f_clk/Z (CLKBUF_X3)
                                         clknet_2_1__leaf_clk (net)
                  0.01    0.00    0.07 ^ dpath.b_reg.out[12]$_DFFE_PP_/CK (DFF_X1)
     3   15.11    0.04    0.12    0.19 ^ dpath.b_reg.out[12]$_DFFE_PP_/Q (DFF_X1)
                                         dpath.a_lt_b$in1[12] (net)
                  0.04    0.00    0.19 ^ _581_/A2 (NOR2_X4)
     3   10.24    0.01    0.02    0.21 v _581_/ZN (NOR2_X4)
                                         _126_ (net)
                  0.01    0.00    0.21 v _583_/A2 (NOR2_X4)
     4   11.96    0.02    0.04    0.24 ^ _583_/ZN (NOR2_X4)
                                         _128_ (net)
                  0.02    0.00    0.24 ^ _730_/A (INV_X4)
     2    8.03    0.01    0.01    0.26 v _730_/ZN (INV_X4)
                                         _270_ (net)
                  0.01    0.00    0.26 v _740_/A2 (NOR2_X4)
     3    5.42    0.01    0.03    0.28 ^ _740_/ZN (NOR2_X4)
                                         _278_ (net)
                  0.01    0.00    0.28 ^ _790_/A1 (AND2_X2)
     2    3.47    0.01    0.03    0.31 ^ _790_/ZN (AND2_X2)
                                         _324_ (net)
                  0.01    0.00    0.31 ^ _791_/A1 (AND2_X2)
     1    3.66    0.01    0.03    0.34 ^ _791_/ZN (AND2_X2)
                                         _325_ (net)
                  0.01    0.00    0.34 ^ _792_/A2 (NAND2_X2)
     2    3.59    0.01    0.01    0.36 v _792_/ZN (NAND2_X2)
                                         _326_ (net)
                  0.01    0.00    0.36 v _798_/A1 (NAND2_X1)
     1    1.79    0.01    0.01    0.37 ^ _798_/ZN (NAND2_X1)
                                         _332_ (net)
                  0.01    0.00    0.37 ^ _799_/A1 (NAND2_X1)
     1    3.05    0.01    0.02    0.38 v _799_/ZN (NAND2_X1)
                                         _333_ (net)
                  0.01    0.00    0.38 v _801_/A1 (NAND2_X2)
     2    3.59    0.01    0.01    0.40 ^ _801_/ZN (NAND2_X2)
                                         net43 (net)
                  0.01    0.00    0.40 ^ output43/A (BUF_X1)
     1    0.22    0.00    0.02    0.42 ^ output43/Z (BUF_X1)
                                         resp_msg[15] (net)
                  0.00    0.00    0.42 ^ resp_msg[15] (out)
                                  0.42   data arrival time

                          0.46    0.46   clock core_clock (rise edge)
                          0.00    0.46   clock network delay (propagated)
                          0.00    0.46   clock reconvergence pessimism
                         -0.09    0.37   output external delay
                                  0.37   data required time
-----------------------------------------------------------------------------
                                  0.37   data required time
                                 -0.42   data arrival time
-----------------------------------------------------------------------------
                                 -0.05   slack (VIOLATED)



==========================================================================
cts final report_checks -unconstrained
--------------------------------------------------------------------------
Startpoint: dpath.b_reg.out[12]$_DFFE_PP_
            (rising edge-triggered flip-flop clocked by core_clock)
Endpoint: resp_msg[15] (output port clocked by core_clock)
Path Group: core_clock
Path Type: max

Fanout     Cap    Slew   Delay    Time   Description
-----------------------------------------------------------------------------
                          0.00    0.00   clock core_clock (rise edge)
                          0.00    0.00   clock source latency
     1    5.69    0.00    0.00    0.00 ^ clk (in)
                                         clk (net)
                  0.00    0.00    0.00 ^ clkbuf_0_clk/A (CLKBUF_X3)
     4    9.65    0.01    0.03    0.03 ^ clkbuf_0_clk/Z (CLKBUF_X3)
                                         clknet_0_clk (net)
                  0.01    0.00    0.03 ^ clkbuf_2_1__f_clk/A (CLKBUF_X3)
    11   14.23    0.01    0.04    0.07 ^ clkbuf_2_1__f_clk/Z (CLKBUF_X3)
                                         clknet_2_1__leaf_clk (net)
                  0.01    0.00    0.07 ^ dpath.b_reg.out[12]$_DFFE_PP_/CK (DFF_X1)
     3   15.11    0.04    0.12    0.19 ^ dpath.b_reg.out[12]$_DFFE_PP_/Q (DFF_X1)
                                         dpath.a_lt_b$in1[12] (net)
                  0.04    0.00    0.19 ^ _581_/A2 (NOR2_X4)
     3   10.24    0.01    0.02    0.21 v _581_/ZN (NOR2_X4)
                                         _126_ (net)
                  0.01    0.00    0.21 v _583_/A2 (NOR2_X4)
     4   11.96    0.02    0.04    0.24 ^ _583_/ZN (NOR2_X4)
                                         _128_ (net)
                  0.02    0.00    0.24 ^ _730_/A (INV_X4)
     2    8.03    0.01    0.01    0.26 v _730_/ZN (INV_X4)
                                         _270_ (net)
                  0.01    0.00    0.26 v _740_/A2 (NOR2_X4)
     3    5.42    0.01    0.03    0.28 ^ _740_/ZN (NOR2_X4)
                                         _278_ (net)
                  0.01    0.00    0.28 ^ _790_/A1 (AND2_X2)
     2    3.47    0.01    0.03    0.31 ^ _790_/ZN (AND2_X2)
                                         _324_ (net)
                  0.01    0.00    0.31 ^ _791_/A1 (AND2_X2)
     1    3.66    0.01    0.03    0.34 ^ _791_/ZN (AND2_X2)
                                         _325_ (net)
                  0.01    0.00    0.34 ^ _792_/A2 (NAND2_X2)
     2    3.59    0.01    0.01    0.36 v _792_/ZN (NAND2_X2)
                                         _326_ (net)
                  0.01    0.00    0.36 v _798_/A1 (NAND2_X1)
     1    1.79    0.01    0.01    0.37 ^ _798_/ZN (NAND2_X1)
                                         _332_ (net)
                  0.01    0.00    0.37 ^ _799_/A1 (NAND2_X1)
     1    3.05    0.01    0.02    0.38 v _799_/ZN (NAND2_X1)
                                         _333_ (net)
                  0.01    0.00    0.38 v _801_/A1 (NAND2_X2)
     2    3.59    0.01    0.01    0.40 ^ _801_/ZN (NAND2_X2)
                                         net43 (net)
                  0.01    0.00    0.40 ^ output43/A (BUF_X1)
     1    0.22    0.00    0.02    0.42 ^ output43/Z (BUF_X1)
                                         resp_msg[15] (net)
                  0.00    0.00    0.42 ^ resp_msg[15] (out)
                                  0.42   data arrival time

                          0.46    0.46   clock core_clock (rise edge)
                          0.00    0.46   clock network delay (propagated)
                          0.00    0.46   clock reconvergence pessimism
                         -0.09    0.37   output external delay
                                  0.37   data required time
-----------------------------------------------------------------------------
                                  0.37   data required time
                                 -0.42   data arrival time
-----------------------------------------------------------------------------
                                 -0.05   slack (VIOLATED)



==========================================================================
cts final report_check_types -max_slew -max_cap -max_fanout -violators
--------------------------------------------------------------------------

==========================================================================
cts final max_slew_check_slack
--------------------------------------------------------------------------
0.1497037261724472

==========================================================================
cts final max_slew_check_limit
--------------------------------------------------------------------------
0.1985349953174591

==========================================================================
cts final max_slew_check_slack_limit
--------------------------------------------------------------------------
0.7540

==========================================================================
cts final max_fanout_check_slack
--------------------------------------------------------------------------
1.0000000150474662e+30

==========================================================================
cts final max_fanout_check_limit
--------------------------------------------------------------------------
1.0000000150474662e+30

==========================================================================
cts final max_capacitance_check_slack
--------------------------------------------------------------------------
16.068817138671875

==========================================================================
cts final max_capacitance_check_limit
--------------------------------------------------------------------------
20.904499053955078

==========================================================================
cts final max_capacitance_check_slack_limit
--------------------------------------------------------------------------
0.7687

==========================================================================
cts final max_slew_violation_count
--------------------------------------------------------------------------
max slew violation count 0

==========================================================================
cts final max_fanout_violation_count
--------------------------------------------------------------------------
max fanout violation count 0

==========================================================================
cts final max_cap_violation_count
--------------------------------------------------------------------------
max cap violation count 0

==========================================================================
cts final setup_violation_count
--------------------------------------------------------------------------
setup violation count 11

==========================================================================
cts final hold_violation_count
--------------------------------------------------------------------------
hold violation count 0

==========================================================================
cts final report_checks -path_delay max reg to reg
--------------------------------------------------------------------------
Startpoint: dpath.b_reg.out[12]$_DFFE_PP_
            (rising edge-triggered flip-flop clocked by core_clock)
Endpoint: dpath.a_reg.out[12]$_DFFE_PP_
          (rising edge-triggered flip-flop clocked by core_clock)
Path Group: core_clock
Path Type: max

  Delay    Time   Description
---------------------------------------------------------
   0.00    0.00   clock core_clock (rise edge)
   0.00    0.00   clock source latency
   0.00    0.00 ^ clk (in)
   0.03    0.03 ^ clkbuf_0_clk/Z (CLKBUF_X3)
   0.04    0.07 ^ clkbuf_2_1__f_clk/Z (CLKBUF_X3)
   0.00    0.07 ^ dpath.b_reg.out[12]$_DFFE_PP_/CK (DFF_X1)
   0.10    0.17 v dpath.b_reg.out[12]$_DFFE_PP_/Q (DFF_X1)
   0.03    0.20 v rebuffer26/Z (BUF_X2)
   0.02    0.22 v rebuffer25/Z (BUF_X2)
   0.02    0.25 v rebuffer24/Z (BUF_X2)
   0.02    0.27 v rebuffer23/Z (BUF_X2)
   0.02    0.29 v rebuffer22/Z (BUF_X2)
   0.02    0.31 v rebuffer21/Z (BUF_X2)
   0.02    0.33 v rebuffer20/Z (BUF_X2)
   0.02    0.35 v rebuffer19/Z (BUF_X2)
   0.02    0.38 v rebuffer18/Z (BUF_X2)
   0.02    0.40 v rebuffer17/Z (BUF_X2)
   0.02    0.42 v rebuffer16/Z (BUF_X2)
   0.02    0.44 v rebuffer15/Z (BUF_X2)
   0.02    0.46 v rebuffer14/Z (BUF_X4)
   0.02    0.48 ^ _719_/ZN (NAND3_X2)
   0.01    0.49 v _734_/ZN (NAND2_X2)
   0.01    0.50 ^ _735_/ZN (NAND2_X2)
   0.01    0.52 v _738_/ZN (NAND2_X1)
   0.00    0.52 v dpath.a_reg.out[12]$_DFFE_PP_/D (DFF_X1)
           0.52   data arrival time

   0.46    0.46   clock core_clock (rise edge)
   0.00    0.46   clock source latency
   0.00    0.46 ^ clk (in)
   0.03    0.49 ^ clkbuf_0_clk/Z (CLKBUF_X3)
   0.04    0.53 ^ clkbuf_2_1__f_clk/Z (CLKBUF_X3)
   0.00    0.53 ^ dpath.a_reg.out[12]$_DFFE_PP_/CK (DFF_X1)
   0.00    0.53   clock reconvergence pessimism
  -0.03    0.50   library setup time
           0.50   data required time
---------------------------------------------------------
           0.50   data required time
          -0.52   data arrival time
---------------------------------------------------------
          -0.02   slack (VIOLATED)



==========================================================================
cts final report_checks -path_delay min reg to reg
--------------------------------------------------------------------------
Startpoint: ctrl.state.out[1]$_DFF_P_
            (rising edge-triggered flip-flop clocked by core_clock)
Endpoint: ctrl.state.out[1]$_DFF_P_
          (rising edge-triggered flip-flop clocked by core_clock)
Path Group: core_clock
Path Type: min

  Delay    Time   Description
---------------------------------------------------------
   0.00    0.00   clock core_clock (rise edge)
   0.00    0.00   clock source latency
   0.00    0.00 ^ clk (in)
   0.03    0.03 ^ clkbuf_0_clk/Z (CLKBUF_X3)
   0.04    0.07 ^ clkbuf_2_0__f_clk/Z (CLKBUF_X3)
   0.00    0.07 ^ ctrl.state.out[1]$_DFF_P_/CK (DFF_X1)
   0.09    0.16 v ctrl.state.out[1]$_DFF_P_/Q (DFF_X1)
   0.02    0.17 ^ _522_/ZN (NAND2_X1)
   0.01    0.19 v _524_/ZN (OAI21_X1)
   0.00    0.19 v ctrl.state.out[1]$_DFF_P_/D (DFF_X1)
           0.19   data arrival time

   0.00    0.00   clock core_clock (rise edge)
   0.00    0.00   clock source latency
   0.00    0.00 ^ clk (in)
   0.03    0.03 ^ clkbuf_0_clk/Z (CLKBUF_X3)
   0.04    0.07 ^ clkbuf_2_0__f_clk/Z (CLKBUF_X3)
   0.00    0.07 ^ ctrl.state.out[1]$_DFF_P_/CK (DFF_X1)
   0.00    0.07   clock reconvergence pessimism
   0.00    0.08   library hold time
           0.08   data required time
---------------------------------------------------------
           0.08   data required time
          -0.19   data arrival time
---------------------------------------------------------
           0.11   slack (MET)



==========================================================================
cts final critical path target clock latency max path
--------------------------------------------------------------------------
0.0720

==========================================================================
cts final critical path target clock latency min path
--------------------------------------------------------------------------
0.0719

==========================================================================
cts final critical path source clock latency min path
--------------------------------------------------------------------------
0.0000

==========================================================================
cts final critical path delay
--------------------------------------------------------------------------
0.4177

==========================================================================
cts final critical path slack
--------------------------------------------------------------------------
-0.0497

==========================================================================
cts final slack div critical path delay
--------------------------------------------------------------------------
-11.898492

==========================================================================
cts final report_power
--------------------------------------------------------------------------
Group                  Internal  Switching    Leakage      Total
                          Power      Power      Power      Power (Watts)
----------------------------------------------------------------
Sequential             4.81e-04   9.07e-05   2.80e-06   5.75e-04  18.8%
Combinational          1.07e-03   1.09e-03   1.90e-05   2.17e-03  71.0%
Clock                  1.36e-04   1.77e-04   2.39e-07   3.13e-04  10.2%
Macro                  0.00e+00   0.00e+00   0.00e+00   0.00e+00   0.0%
Pad                    0.00e+00   0.00e+00   0.00e+00   0.00e+00   0.0%
----------------------------------------------------------------
Total                  1.68e-03   1.35e-03   2.21e-05   3.06e-03 100.0%
                          55.0%      44.3%       0.7%
