
==========================================================================
global route report_tns
--------------------------------------------------------------------------
tns -0.47

==========================================================================
global route report_wns
--------------------------------------------------------------------------
wns -0.05

==========================================================================
global route report_worst_slack
--------------------------------------------------------------------------
worst slack -0.05

==========================================================================
global route report_clock_skew
--------------------------------------------------------------------------
Clock core_clock
   0.07 source latency dpath.a_reg.out[3]$_DFFE_PP_/CK ^
  -0.07 target latency dpath.b_reg.out[15]$_DFFE_PP_/CK ^
   0.00 CRPR
--------------
   0.00 setup skew


==========================================================================
global route report_checks -path_delay min
--------------------------------------------------------------------------
Startpoint: req_val (input port clocked by core_clock)
Endpoint: ctrl.state.out[0]$_DFF_P_
          (rising edge-triggered flip-flop clocked by core_clock)
Path Group: core_clock
Path Type: min

Fanout     Cap    Slew   Delay    Time   Description
-----------------------------------------------------------------------------
                          0.00    0.00   clock core_clock (rise edge)
                          0.00    0.00   clock network delay (propagated)
                          0.09    0.09 ^ input external delay
     1    1.63    0.00    0.00    0.09 ^ req_val (in)
                                         req_val (net)
                  0.00    0.00    0.09 ^ input33/A (BUF_X1)
     2    3.92    0.01    0.02    0.12 ^ input33/Z (BUF_X1)
                                         net33 (net)
                  0.01    0.00    0.12 ^ _521_/B2 (OAI21_X1)
     1    1.38    0.01    0.02    0.13 v _521_/ZN (OAI21_X1)
                                         _000_ (net)
                  0.01    0.00    0.13 v ctrl.state.out[0]$_DFF_P_/D (DFF_X1)
                                  0.13   data arrival time

                          0.00    0.00   clock core_clock (rise edge)
                          0.00    0.00   clock source latency
     1    5.25    0.00    0.00    0.00 ^ clk (in)
                                         clk (net)
                  0.00    0.00    0.00 ^ clkbuf_0_clk/A (CLKBUF_X3)
     4    9.59    0.01    0.03    0.03 ^ clkbuf_0_clk/Z (CLKBUF_X3)
                                         clknet_0_clk (net)
                  0.01    0.00    0.03 ^ clkbuf_2_0__f_clk/A (CLKBUF_X3)
    11   14.81    0.01    0.04    0.07 ^ clkbuf_2_0__f_clk/Z (CLKBUF_X3)
                                         clknet_2_0__leaf_clk (net)
                  0.01    0.00    0.07 ^ ctrl.state.out[0]$_DFF_P_/CK (DFF_X1)
                          0.00    0.07   clock reconvergence pessimism
                          0.00    0.08   library hold time
                                  0.08   data required time
-----------------------------------------------------------------------------
                                  0.08   data required time
                                 -0.13   data arrival time
-----------------------------------------------------------------------------
                                  0.05   slack (MET)



==========================================================================
global route report_checks -path_delay max
--------------------------------------------------------------------------
Startpoint: dpath.a_reg.out[7]$_DFFE_PP_
            (rising edge-triggered flip-flop clocked by core_clock)
Endpoint: resp_msg[15] (output port clocked by core_clock)
Path Group: core_clock
Path Type: max

Fanout     Cap    Slew   Delay    Time   Description
-----------------------------------------------------------------------------
                          0.00    0.00   clock core_clock (rise edge)
                          0.00    0.00   clock source latency
     1    5.25    0.00    0.00    0.00 ^ clk (in)
                                         clk (net)
                  0.00    0.00    0.00 ^ clkbuf_0_clk/A (CLKBUF_X3)
     4    9.59    0.01    0.03    0.03 ^ clkbuf_0_clk/Z (CLKBUF_X3)
                                         clknet_0_clk (net)
                  0.01    0.00    0.03 ^ clkbuf_2_3__f_clk/A (CLKBUF_X3)
     7   12.03    0.01    0.04    0.07 ^ clkbuf_2_3__f_clk/Z (CLKBUF_X3)
                                         clknet_2_3__leaf_clk (net)
                  0.01    0.00    0.07 ^ dpath.a_reg.out[7]$_DFFE_PP_/CK (DFF_X1)
     3    7.42    0.02    0.10    0.17 ^ dpath.a_reg.out[7]$_DFFE_PP_/Q (DFF_X1)
                                         dpath.a_lt_b$in0[7] (net)
                  0.02    0.00    0.17 ^ _545_/A (INV_X1)
     2    5.60    0.01    0.02    0.19 v _545_/ZN (INV_X1)
                                         _090_ (net)
                  0.01    0.00    0.19 v _546_/A1 (NAND2_X2)
     2   10.37    0.02    0.02    0.21 ^ _546_/ZN (NAND2_X2)
                                         _091_ (net)
                  0.02    0.00    0.21 ^ _548_/A1 (NAND2_X4)
     3   13.24    0.01    0.02    0.23 v _548_/ZN (NAND2_X4)
                                         _093_ (net)
                  0.01    0.00    0.23 v _696_/A (INV_X2)
     2    8.19    0.01    0.02    0.25 ^ _696_/ZN (INV_X2)
                                         _238_ (net)
                  0.01    0.00    0.25 ^ _697_/A1 (NAND2_X4)
     3    9.65    0.01    0.01    0.27 v _697_/ZN (NAND2_X4)
                                         _239_ (net)
                  0.01    0.00    0.27 v _698_/A (INV_X1)
     1    2.11    0.01    0.01    0.28 ^ _698_/ZN (INV_X1)
                                         _240_ (net)
                  0.01    0.00    0.28 ^ _699_/A2 (NAND2_X1)
     1    3.11    0.01    0.02    0.30 v _699_/ZN (NAND2_X1)
                                         _241_ (net)
                  0.01    0.00    0.30 v _700_/A (INV_X2)
     2    3.03    0.01    0.01    0.31 ^ _700_/ZN (INV_X2)
                                         _242_ (net)
                  0.01    0.00    0.31 ^ _791_/A2 (AND2_X1)
     1    1.77    0.01    0.03    0.34 ^ _791_/ZN (AND2_X1)
                                         _325_ (net)
                  0.01    0.00    0.34 ^ _792_/A2 (NAND2_X1)
     2    3.42    0.01    0.02    0.36 v _792_/ZN (NAND2_X1)
                                         _326_ (net)
                  0.01    0.00    0.36 v _798_/A1 (NAND2_X1)
     1    1.93    0.01    0.02    0.37 ^ _798_/ZN (NAND2_X1)
                                         _332_ (net)
                  0.01    0.00    0.37 ^ _799_/A1 (NAND2_X1)
     1    3.16    0.01    0.02    0.39 v _799_/ZN (NAND2_X1)
                                         _333_ (net)
                  0.01    0.00    0.39 v _801_/A1 (NAND2_X2)
     2    4.14    0.01    0.02    0.40 ^ _801_/ZN (NAND2_X2)
                                         net43 (net)
                  0.01    0.00    0.40 ^ output43/A (BUF_X1)
     1    0.30    0.00    0.02    0.42 ^ output43/Z (BUF_X1)
                                         resp_msg[15] (net)
                  0.00    0.00    0.42 ^ resp_msg[15] (out)
                                  0.42   data arrival time

                          0.46    0.46   clock core_clock (rise edge)
                          0.00    0.46   clock network delay (propagated)
                          0.00    0.46   clock reconvergence pessimism
                         -0.09    0.37   output external delay
                                  0.37   data required time
-----------------------------------------------------------------------------
                                  0.37   data required time
                                 -0.42   data arrival time
-----------------------------------------------------------------------------
                                 -0.05   slack (VIOLATED)



==========================================================================
global route report_checks -unconstrained
--------------------------------------------------------------------------
Startpoint: dpath.a_reg.out[7]$_DFFE_PP_
            (rising edge-triggered flip-flop clocked by core_clock)
Endpoint: resp_msg[15] (output port clocked by core_clock)
Path Group: core_clock
Path Type: max

Fanout     Cap    Slew   Delay    Time   Description
-----------------------------------------------------------------------------
                          0.00    0.00   clock core_clock (rise edge)
                          0.00    0.00   clock source latency
     1    5.25    0.00    0.00    0.00 ^ clk (in)
                                         clk (net)
                  0.00    0.00    0.00 ^ clkbuf_0_clk/A (CLKBUF_X3)
     4    9.59    0.01    0.03    0.03 ^ clkbuf_0_clk/Z (CLKBUF_X3)
                                         clknet_0_clk (net)
                  0.01    0.00    0.03 ^ clkbuf_2_3__f_clk/A (CLKBUF_X3)
     7   12.03    0.01    0.04    0.07 ^ clkbuf_2_3__f_clk/Z (CLKBUF_X3)
                                         clknet_2_3__leaf_clk (net)
                  0.01    0.00    0.07 ^ dpath.a_reg.out[7]$_DFFE_PP_/CK (DFF_X1)
     3    7.42    0.02    0.10    0.17 ^ dpath.a_reg.out[7]$_DFFE_PP_/Q (DFF_X1)
                                         dpath.a_lt_b$in0[7] (net)
                  0.02    0.00    0.17 ^ _545_/A (INV_X1)
     2    5.60    0.01    0.02    0.19 v _545_/ZN (INV_X1)
                                         _090_ (net)
                  0.01    0.00    0.19 v _546_/A1 (NAND2_X2)
     2   10.37    0.02    0.02    0.21 ^ _546_/ZN (NAND2_X2)
                                         _091_ (net)
                  0.02    0.00    0.21 ^ _548_/A1 (NAND2_X4)
     3   13.24    0.01    0.02    0.23 v _548_/ZN (NAND2_X4)
                                         _093_ (net)
                  0.01    0.00    0.23 v _696_/A (INV_X2)
     2    8.19    0.01    0.02    0.25 ^ _696_/ZN (INV_X2)
                                         _238_ (net)
                  0.01    0.00    0.25 ^ _697_/A1 (NAND2_X4)
     3    9.65    0.01    0.01    0.27 v _697_/ZN (NAND2_X4)
                                         _239_ (net)
                  0.01    0.00    0.27 v _698_/A (INV_X1)
     1    2.11    0.01    0.01    0.28 ^ _698_/ZN (INV_X1)
                                         _240_ (net)
                  0.01    0.00    0.28 ^ _699_/A2 (NAND2_X1)
     1    3.11    0.01    0.02    0.30 v _699_/ZN (NAND2_X1)
                                         _241_ (net)
                  0.01    0.00    0.30 v _700_/A (INV_X2)
     2    3.03    0.01    0.01    0.31 ^ _700_/ZN (INV_X2)
                                         _242_ (net)
                  0.01    0.00    0.31 ^ _791_/A2 (AND2_X1)
     1    1.77    0.01    0.03    0.34 ^ _791_/ZN (AND2_X1)
                                         _325_ (net)
                  0.01    0.00    0.34 ^ _792_/A2 (NAND2_X1)
     2    3.42    0.01    0.02    0.36 v _792_/ZN (NAND2_X1)
                                         _326_ (net)
                  0.01    0.00    0.36 v _798_/A1 (NAND2_X1)
     1    1.93    0.01    0.02    0.37 ^ _798_/ZN (NAND2_X1)
                                         _332_ (net)
                  0.01    0.00    0.37 ^ _799_/A1 (NAND2_X1)
     1    3.16    0.01    0.02    0.39 v _799_/ZN (NAND2_X1)
                                         _333_ (net)
                  0.01    0.00    0.39 v _801_/A1 (NAND2_X2)
     2    4.14    0.01    0.02    0.40 ^ _801_/ZN (NAND2_X2)
                                         net43 (net)
                  0.01    0.00    0.40 ^ output43/A (BUF_X1)
     1    0.30    0.00    0.02    0.42 ^ output43/Z (BUF_X1)
                                         resp_msg[15] (net)
                  0.00    0.00    0.42 ^ resp_msg[15] (out)
                                  0.42   data arrival time

                          0.46    0.46   clock core_clock (rise edge)
                          0.00    0.46   clock network delay (propagated)
                          0.00    0.46   clock reconvergence pessimism
                         -0.09    0.37   output external delay
                                  0.37   data required time
-----------------------------------------------------------------------------
                                  0.37   data required time
                                 -0.42   data arrival time
-----------------------------------------------------------------------------
                                 -0.05   slack (VIOLATED)



==========================================================================
global route report_check_types -max_slew -max_cap -max_fanout -violators
--------------------------------------------------------------------------

==========================================================================
global route max_slew_check_slack
--------------------------------------------------------------------------
0.15027974545955658

==========================================================================
global route max_slew_check_limit
--------------------------------------------------------------------------
0.1985349953174591

==========================================================================
global route max_slew_check_slack_limit
--------------------------------------------------------------------------
0.7569

==========================================================================
global route max_fanout_check_slack
--------------------------------------------------------------------------
1.0000000150474662e+30

==========================================================================
global route max_fanout_check_limit
--------------------------------------------------------------------------
1.0000000150474662e+30

==========================================================================
global route max_capacitance_check_slack
--------------------------------------------------------------------------
16.193578720092773

==========================================================================
global route max_capacitance_check_limit
--------------------------------------------------------------------------
20.904499053955078

==========================================================================
global route max_capacitance_check_slack_limit
--------------------------------------------------------------------------
0.7746

==========================================================================
global route max_slew_violation_count
--------------------------------------------------------------------------
max slew violation count 0

==========================================================================
global route max_fanout_violation_count
--------------------------------------------------------------------------
max fanout violation count 0

==========================================================================
global route max_cap_violation_count
--------------------------------------------------------------------------
max cap violation count 0

==========================================================================
global route setup_violation_count
--------------------------------------------------------------------------
setup violation count 18

==========================================================================
global route hold_violation_count
--------------------------------------------------------------------------
hold violation count 0

==========================================================================
global route report_checks -path_delay max reg to reg
--------------------------------------------------------------------------
Startpoint: dpath.a_reg.out[8]$_DFFE_PP_
            (rising edge-triggered flip-flop clocked by core_clock)
Endpoint: dpath.a_reg.out[8]$_DFFE_PP_
          (rising edge-triggered flip-flop clocked by core_clock)
Path Group: core_clock
Path Type: max

  Delay    Time   Description
---------------------------------------------------------
   0.00    0.00   clock core_clock (rise edge)
   0.00    0.00   clock source latency
   0.00    0.00 ^ clk (in)
   0.03    0.03 ^ clkbuf_0_clk/Z (CLKBUF_X3)
   0.04    0.07 ^ clkbuf_2_3__f_clk/Z (CLKBUF_X3)
   0.00    0.07 ^ dpath.a_reg.out[8]$_DFFE_PP_/CK (DFF_X1)
   0.09    0.16 v dpath.a_reg.out[8]$_DFFE_PP_/Q (DFF_X1)
   0.03    0.19 v rebuffer49/Z (BUF_X2)
   0.02    0.21 v rebuffer20/Z (BUF_X2)
   0.02    0.23 v rebuffer18/Z (BUF_X2)
   0.02    0.25 v rebuffer17/Z (BUF_X2)
   0.02    0.28 v rebuffer16/Z (BUF_X2)
   0.02    0.30 v rebuffer15/Z (BUF_X2)
   0.02    0.32 v rebuffer14/Z (BUF_X2)
   0.02    0.35 v rebuffer13/Z (BUF_X2)
   0.02    0.37 v rebuffer12/Z (BUF_X4)
   0.02    0.39 v rebuffer11/Z (BUF_X4)
   0.02    0.41 v rebuffer10/Z (BUF_X4)
   0.02    0.43 v rebuffer9/Z (BUF_X4)
   0.02    0.45 v rebuffer8/Z (BUF_X4)
   0.03    0.48 v _869_/ZN (AND2_X4)
   0.03    0.51 ^ _870_/ZN (AOI21_X4)
   0.01    0.53 v _871_/ZN (NAND2_X2)
   0.00    0.53 v dpath.a_reg.out[8]$_DFFE_PP_/D (DFF_X1)
           0.53   data arrival time

   0.46    0.46   clock core_clock (rise edge)
   0.00    0.46   clock source latency
   0.00    0.46 ^ clk (in)
   0.03    0.49 ^ clkbuf_0_clk/Z (CLKBUF_X3)
   0.04    0.53 ^ clkbuf_2_3__f_clk/Z (CLKBUF_X3)
   0.00    0.53 ^ dpath.a_reg.out[8]$_DFFE_PP_/CK (DFF_X1)
   0.00    0.53   clock reconvergence pessimism
  -0.04    0.49   library setup time
           0.49   data required time
---------------------------------------------------------
           0.49   data required time
          -0.53   data arrival time
---------------------------------------------------------
          -0.03   slack (VIOLATED)



==========================================================================
global route report_checks -path_delay min reg to reg
--------------------------------------------------------------------------
Startpoint: ctrl.state.out[1]$_DFF_P_
            (rising edge-triggered flip-flop clocked by core_clock)
Endpoint: ctrl.state.out[1]$_DFF_P_
          (rising edge-triggered flip-flop clocked by core_clock)
Path Group: core_clock
Path Type: min

  Delay    Time   Description
---------------------------------------------------------
   0.00    0.00   clock core_clock (rise edge)
   0.00    0.00   clock source latency
   0.00    0.00 ^ clk (in)
   0.03    0.03 ^ clkbuf_0_clk/Z (CLKBUF_X3)
   0.04    0.07 ^ clkbuf_2_0__f_clk/Z (CLKBUF_X3)
   0.00    0.07 ^ ctrl.state.out[1]$_DFF_P_/CK (DFF_X1)
   0.09    0.16 v ctrl.state.out[1]$_DFF_P_/Q (DFF_X1)
   0.02    0.18 ^ _522_/ZN (NAND2_X1)
   0.01    0.19 v _524_/ZN (OAI21_X1)
   0.00    0.19 v ctrl.state.out[1]$_DFF_P_/D (DFF_X1)
           0.19   data arrival time

   0.00    0.00   clock core_clock (rise edge)
   0.00    0.00   clock source latency
   0.00    0.00 ^ clk (in)
   0.03    0.03 ^ clkbuf_0_clk/Z (CLKBUF_X3)
   0.04    0.07 ^ clkbuf_2_0__f_clk/Z (CLKBUF_X3)
   0.00    0.07 ^ ctrl.state.out[1]$_DFF_P_/CK (DFF_X1)
   0.00    0.07   clock reconvergence pessimism
   0.00    0.08   library hold time
           0.08   data required time
---------------------------------------------------------
           0.08   data required time
          -0.19   data arrival time
---------------------------------------------------------
           0.11   slack (MET)



==========================================================================
global route critical path target clock latency max path
--------------------------------------------------------------------------
0.0700

==========================================================================
global route critical path target clock latency min path
--------------------------------------------------------------------------
0.0724

==========================================================================
global route critical path source clock latency min path
--------------------------------------------------------------------------
0.0000

==========================================================================
global route critical path delay
--------------------------------------------------------------------------
0.4224

==========================================================================
global route critical path slack
--------------------------------------------------------------------------
-0.0544

==========================================================================
global route slack div critical path delay
--------------------------------------------------------------------------
-12.878788

==========================================================================
global route report_power
--------------------------------------------------------------------------
Group                  Internal  Switching    Leakage      Total
                          Power      Power      Power      Power (Watts)
----------------------------------------------------------------
Sequential             4.81e-04   9.38e-05   2.80e-06   5.78e-04  18.5%
Combinational          1.07e-03   1.15e-03   1.91e-05   2.24e-03  71.7%
Clock                  1.35e-04   1.70e-04   2.21e-07   3.06e-04   9.8%
Macro                  0.00e+00   0.00e+00   0.00e+00   0.00e+00   0.0%
Pad                    0.00e+00   0.00e+00   0.00e+00   0.00e+00   0.0%
----------------------------------------------------------------
Total                  1.69e-03   1.42e-03   2.21e-05   3.12e-03 100.0%
                          54.0%      45.3%       0.7%
